C:\Users\ASUS\AppData\Local\Programs\Python\Python310\lib\site-packages\requests\__init__.py:113: RequestsDependencyWarning: urllib3 (2.2.1) or chardet (7.4.3)/charset_normalizer (3.3.2) doesn't match a supported version!
  warnings.warn(
device=cuda
== Tier A: synthetic ladder ==
  T0_char_200px: 8/96 (0.2s/sample)
  T0_char_200px: 16/96 (0.2s/sample)
  T1_word_120px: 24/96 (0.2s/sample)
  T1_word_80px: 32/96 (0.2s/sample)
  T1_word_80px: 40/96 (0.2s/sample)
  T1_word_48px: 48/96 (0.2s/sample)
  T1_word_28px: 56/96 (0.2s/sample)
  T1_word_28px: 64/96 (0.6s/sample)
  T2_line_L2: 72/96 (0.7s/sample)
  T3_para_L4: 80/96 (1.3s/sample)
  T3_para_L4: 88/96 (1.2s/sample)
  T4_word80_degraded: 96/96 (0.2s/sample)
== Tier B: real doc pages (held-out) ==
  B_doc_real: 8/40 (3.0s/sample)
  B_doc_real: 16/40 (2.8s/sample)
  B_doc_real: 24/40 (3.0s/sample)
  B_doc_real: 32/40 (3.1s/sample)
  B_doc_real: 40/40 (2.9s/sample)
== Tier C: MTVQA-VI ==
  C_mtvqa_vi: 8/50 (1.4s/sample)
  C_mtvqa_vi: 16/50 (1.5s/sample)
  C_mtvqa_vi: 24/50 (1.4s/sample)
  C_mtvqa_vi: 32/50 (1.4s/sample)
  C_mtvqa_vi: 40/50 (1.4s/sample)
  C_mtvqa_vi: 48/50 (1.4s/sample)
  C_mtvqa_vi: 50/50 (0.7s/sample)

=== SUMMARY ===
tier                     n   CERm  CERmd  exact  cont  stop  s/smp
B_doc_real              40   1.65   0.99   0.00  0.00  0.82    3.0
C_mtvqa_vi              50   1.32   1.00   0.00  0.00  0.68    1.4
T0_char_200px           12   0.92   1.00   0.08  0.08  1.00    0.2
T1_word_120px           12   0.83   0.78   0.00  0.00  1.00    0.2
T1_word_28px            12   0.86   0.90   0.00  0.00  1.00    0.3
T1_word_48px            12   0.90   1.00   0.00  0.00  1.00    0.2
T1_word_80px            12   0.92   1.00   0.00  0.00  1.00    0.2
T2_line_L2              12   0.75   0.78   0.00  0.00  1.00    0.7
T3_para_L4              12   0.93   0.95   0.00  0.00  0.08    1.3
T4_word80_degraded      12   0.78   0.75   0.00  0.00  1.00    0.5

wrote C:\Users\ASUS\OneDrive\Desktop\Jarvis-Vision\data\bench_read_v2.json
